<html>
<body>
<pre>
<h1>µVision Build Log</h1>
<h2>Tool Versions:</h2>
IDE-Version: ¦ÌVision V5.25.3.0
Copyright (C) 2018 ARM Ltd and ARM Germany GmbH. All rights reserved.
License Information: 1 1, 1, LIC=WHYH9-4KM1E-30JNC-7TB1Y-G89H6-RVFQL
 
Tool Versions:
Toolchain:       MDK-ARM Plus  Version: 5.38.0.0
Toolchain Path:  D:\Keil_v5\ARM\ARMCC\Bin
C Compiler:      Armcc.exe V5.06 update 7 (build 960)
Assembler:       Armasm.exe V5.06 update 7 (build 960)
Linker/Locator:  ArmLink.exe V5.06 update 7 (build 960)
Library Manager: ArmAr.exe V5.06 update 7 (build 960)
Hex Converter:   FromElf.exe V5.06 update 7 (build 960)
CPU DLL:         SARMCM3.DLL V5.38.0.0
Dialog DLL:      DCM.DLL V1.17.5.0
Target DLL:      STLink\ST-LINKIII-KEIL_SWO.dll V3.1.0.0
Dialog DLL:      TCM.DLL V1.56.4.0
 
<h2>Project:</h2>
E:\HouYawei\STM32F4\hal_led\MDK-ARM\hal_led.uvprojx
Project File Date:  05/23/2025

<h2>Output:</h2>
*** Using Compiler 'V5.06 update 7 (build 960)', folder: 'D:\Keil_v5\ARM\ARMCC\Bin'
Rebuild target 'hal_led'
assembling startup_stm32f407xx.s...
compiling stm32f4xx_hal_rcc_ex.c...
compiling TLE926x.c...
..\Core\Src\TLE926x.c(47): warning:  #9-D: nested comment is not allowed
  /* ================================================================================ */
..\Core\Src\TLE926x.c(159): warning:  #550-D: variable "sbc_product"  was set but never used
      uint8_t sbc_product;
..\Core\Src\TLE926x.c(165): warning:  #550-D: variable "SWK_ID3_CTRL"  was set but never used
      uint8_t SWK_ID3_CTRL, SWK_ID2_CTRL, SWK_ID1_CTRL, SWK_ID0_CTRL;
..\Core\Src\TLE926x.c(165): warning:  #550-D: variable "SWK_ID2_CTRL"  was set but never used
      uint8_t SWK_ID3_CTRL, SWK_ID2_CTRL, SWK_ID1_CTRL, SWK_ID0_CTRL;
..\Core\Src\TLE926x.c(165): warning:  #550-D: variable "SWK_ID1_CTRL"  was set but never used
      uint8_t SWK_ID3_CTRL, SWK_ID2_CTRL, SWK_ID1_CTRL, SWK_ID0_CTRL;
..\Core\Src\TLE926x.c(165): warning:  #550-D: variable "SWK_ID0_CTRL"  was set but never used
      uint8_t SWK_ID3_CTRL, SWK_ID2_CTRL, SWK_ID1_CTRL, SWK_ID0_CTRL;
..\Core\Src\TLE926x.c(166): warning:  #550-D: variable "SWK_MASK_ID3_CTRL"  was set but never used
      uint8_t SWK_MASK_ID3_CTRL, SWK_MASK_ID2_CTRL, SWK_MASK_ID1_CTRL, SWK_MASK_ID0_CTRL;
..\Core\Src\TLE926x.c(166): warning:  #550-D: variable "SWK_MASK_ID2_CTRL"  was set but never used
      uint8_t SWK_MASK_ID3_CTRL, SWK_MASK_ID2_CTRL, SWK_MASK_ID1_CTRL, SWK_MASK_ID0_CTRL;
..\Core\Src\TLE926x.c(166): warning:  #550-D: variable "SWK_MASK_ID1_CTRL"  was set but never used
      uint8_t SWK_MASK_ID3_CTRL, SWK_MASK_ID2_CTRL, SWK_MASK_ID1_CTRL, SWK_MASK_ID0_CTRL;
..\Core\Src\TLE926x.c(166): warning:  #550-D: variable "SWK_MASK_ID0_CTRL"  was set but never used
      uint8_t SWK_MASK_ID3_CTRL, SWK_MASK_ID2_CTRL, SWK_MASK_ID1_CTRL, SWK_MASK_ID0_CTRL;
..\Core\Src\TLE926x.c: 10 warnings, 0 errors
compiling gpio.c...
compiling stm32f4xx_hal_flash.c...
compiling stm32f4xx_it.c...
compiling main.c...
compiling stm32f4xx_hal_spi.c...
compiling TLE926x_SPI.c...
compiling stm32f4xx_hal_rcc.c...
compiling stm32f4xx_hal_flash_ex.c...
compiling stm32f4xx_hal_msp.c...
compiling spi.c...
compiling stm32f4xx_hal_gpio.c...
compiling stm32f4xx_hal_cortex.c...
compiling system_stm32f4xx.c...
compiling stm32f4xx_hal_dma.c...
compiling stm32f4xx_hal_pwr.c...
compiling stm32f4xx_hal_exti.c...
compiling stm32f4xx_hal_pwr_ex.c...
compiling stm32f4xx_hal_flash_ramfunc.c...
compiling stm32f4xx_hal.c...
compiling stm32f4xx_hal_dma_ex.c...
linking...
Program Size: Code=6596 RO-data=488 RW-data=28 ZI-data=1724  
FromELF: creating hex file...
"hal_led\hal_led.axf" - 0 Error(s), 10 Warning(s).

<h2>Software Packages used:</h2>

Package Vendor: ARM
                http://www.keil.com/pack/ARM.CMSIS.5.9.0.pack
                ARM.CMSIS.5.9.0
                CMSIS (Common Microcontroller Software Interface Standard)
   * Component: CORE Version: 5.6.0

Package Vendor: Keil
                http://www.keil.com/pack/Keil.STM32F4xx_DFP.2.16.0.pack
                Keil.STM32F4xx_DFP.2.16.0
                STMicroelectronics STM32F4 Series Device Support, Drivers and Examples

<h2>Collection of Component include folders:</h2>
  .\RTE\_hal_led
  D:\Keil_v5\Packs\ARM\CMSIS\5.9.0\CMSIS\Core\Include
  D:\Keil_v5\Packs\Keil\STM32F4xx_DFP\2.16.0\Drivers\CMSIS\Device\ST\STM32F4xx\Include

<h2>Collection of Component Files used:</h2>

   * Component: ARM::CMSIS:CORE:5.6.0
      Include file:  CMSIS\Core\Include\tz_context.h
Build Time Elapsed:  00:00:14
</pre>
</body>
</html>
